I'm sorry, but errors were detected in your script. Please correct the
errors listed below, and try again.


File "game/script_p2.rpy", line 3: Line is indented, but the preceding ATL statement does not expect a block. Please check this line's indentation.
    xsize 1920 ysize 1080
    ^

Ren'Py Version: Ren'Py 8.0.3.22090809
Sat Feb 11 21:27:19 2023
